2026-08-20 16:09:42:439 MTC@admin-PC: "send cmd to cco:'680F00430000000000010102004716'O"
2026-08-20 16:09:49:756 MTC@admin-PC: "send cmd to cco:'68150043000000000001050100630198900000D616'O"
2026-08-20 16:09:49:803 MTC@admin-PC: "send cmd to cco:'680F004300005F000000030800AD16'O"
2026-08-20 16:09:59:834 MTC@admin-PC: "send cmd to cco:'681A004300000000000115010008000000000000000000006216'O"
2026-08-20 16:09:59:880 MTC@admin-PC: "send cmd to cco:'6810004300000000000105800102CC16'O"
2026-08-20 16:09:59:943 MTC@admin-PC: "send cmd to cco:'681200430000000000010501020220006E16'O"
2026-08-20 16:10:09:989 MTC@admin-PC: "send cmd to cco:'680F00430000000000010102004716'O"
2026-08-20 16:10:11:674 MTC@admin-PC: "send cmd to cco:'687900430000000000011101000F0400000110010301000001120103020000011201030300000112010304000001120103050000011201030600000112010307000001120103080000011201030900000112010310000001120103110000011201031200000112010313000001120103140000011201034716'O"
2026-08-20 16:10:12:360 MTC@admin-PC: "send cmd to cco:'687900430000000000011101000F1500000112010316000001120103170000011201031800000112010319000001120103200000011201030100000111010302000001110103030000011101030400000111010305000001110103060000011101030700000111010308000001110103090000011101037516'O"
2026-08-20 16:10:12:485 MTC@admin-PC: "send cmd to cco:'687900430000000000011101000F100000011101031100000111010312000001110103130000011101031400000111010315000001110103160000011101031700000111010318000001110103190000011101032000000111010301000001140103020000011401030300000114010304000001140103B216'O"
2026-08-20 16:10:12:594 MTC@admin-PC: "send cmd to cco:'687900430000000000011101000F050000011401030600000114010307000001140103080000011401030900000114010310000001140103110000011401031200000114010313000001140103140000011401031500000114010316000001140103170000011401031800000114010319000001140103CC16'O"
2026-08-20 16:10:12:704 MTC@admin-PC: "send cmd to cco:'687900430000000000011101000F2000000114010301000001150103020000011501030300000115010301000001160103020000011601030300000116010301000001170103020000011701030300000117010301000001180103020000011801030300000118010301000001190103020000011901033F16'O"
2026-08-20 16:10:12:844 MTC@admin-PC: "send cmd to cco:'687900430000000000011101000F030000011901030100000120010302000001200103030000012001030100000121010302000001210103030000012101030400000121010305000001210103060000012101030700000121010308000001210103090000012101031000000121010311000001210103EB16'O"
2026-08-20 16:10:12:922 MTC@admin-PC: "send cmd to cco:'687900430000000000011101000F1200000121010313000001210103140000012101031500000121010316000001210103170000012101031800000121010319000001210103200000012101030100000122010302000001220103030000012201030100000123010302000001230103030000012301038016'O"
2026-08-20 16:10:13:047 MTC@admin-PC: "send cmd to cco:'687900430000000000011101000F0400000123010305000001230103060000012301030700000123010308000001230103090000012301031000000123010311000001230103120000012301031300000123010314000001230103150000012301031600000123010317000001230103180000012301039816'O"
2026-08-20 16:10:13:140 MTC@admin-PC: "send cmd to cco:'687900430000000000011101000F1900000123010320000001230103010000012401030200000124010303000001240103040000012401030500000124010306000001240103070000012401030800000124010309000001240103100000012401031100000124010312000001240103130000012401037616'O"
2026-08-20 16:10:13:250 MTC@admin-PC: "send cmd to cco:'683300430000000000011101000514000001240103150000012401031600000124010317000001240103180000012401039616'O"
2026-08-20 16:10:13:312 MTC@admin-PC: "send cmd to cco:'68250043000000000001110100031900000124010320000001240103010000012501030F16'O"
2026-08-20 16:10:13:374 MTC@admin-PC: "send cmd to cco:'6817004300000000000111010001020000012501038316'O"
2026-08-20 16:10:13:437 MTC@admin-PC: "send cmd to cco:'6817004300000000000111010001030000012501038416'O"
2026-08-20 16:10:13:499 MTC@admin-PC: "send cmd to cco:'6810004300000000000105800102CC16'O"
2026-08-20 16:12:51:621 MTC@admin-PC: "send cmd to cco:'6812004300000000000110080201003C9B16'O"
2026-08-20 16:12:56:722 MTC@admin-PC: "send cmd to cco:'681200430000000000011008023D003CD716'O"
2026-08-20 16:13:01:699 MTC@admin-PC: "send cmd to cco:'6812004300000000000110080279003C1316'O"
2026-08-20 16:13:07:845 MTC@admin-PC: "successRate = 0.613793, NeedsuccessRate = 0.980000"
2026-08-20 16:13:07:845 MTC@admin-PC: "send cmd to cco:'6812004300000000000110080201003C9B16'O"
2026-08-20 16:13:12:634 MTC@admin-PC: "send cmd to cco:'681200430000000000011008023D003CD716'O"
2026-08-20 16:13:17:611 MTC@admin-PC: "send cmd to cco:'6812004300000000000110080279003C1316'O"
2026-08-20 16:13:23:773 MTC@admin-PC: "successRate = 0.620690, NeedsuccessRate = 0.980000"
2026-08-20 16:13:23:773 MTC@admin-PC: "send cmd to cco:'6812004300000000000110080201003C9B16'O"
2026-08-20 16:13:28:593 MTC@admin-PC: "send cmd to cco:'681200430000000000011008023D003CD716'O"
2026-08-20 16:13:33:585 MTC@admin-PC: "send cmd to cco:'6812004300000000000110080279003C1316'O"
2026-08-20 16:13:39:767 MTC@admin-PC: "successRate = 0.620690, NeedsuccessRate = 0.980000"
2026-08-20 16:13:39:767 MTC@admin-PC: "send cmd to cco:'6812004300000000000110080201003C9B16'O"
2026-08-20 16:13:44:525 MTC@admin-PC: "send cmd to cco:'681200430000000000011008023D003CD716'O"
2026-08-20 16:13:49:517 MTC@admin-PC: "send cmd to cco:'6812004300000000000110080279003C1316'O"
2026-08-20 16:13:55:726 MTC@admin-PC: "successRate = 0.620690, NeedsuccessRate = 0.980000"
2026-08-20 16:13:55:742 MTC@admin-PC: "send cmd to cco:'6812004300000000000110080201003C9B16'O"
2026-08-20 16:14:00:484 MTC@admin-PC: "send cmd to cco:'681200430000000000011008023D003CD716'O"
2026-08-20 16:14:05:445 MTC@admin-PC: "send cmd to cco:'6812004300000000000110080279003C1316'O"
2026-08-20 16:14:11:685 MTC@admin-PC: "successRate = 0.620690, NeedsuccessRate = 0.980000"
2026-08-20 16:14:11:685 MTC@admin-PC: "send cmd to cco:'6812004300000000000110080201003C9B16'O"
2026-08-20 16:14:16:443 MTC@admin-PC: "send cmd to cco:'681200430000000000011008023D003CD716'O"
2026-08-20 16:14:21:419 MTC@admin-PC: "send cmd to cco:'6812004300000000000110080279003C1316'O"
2026-08-20 16:14:27:628 MTC@admin-PC: "successRate = 0.620690, NeedsuccessRate = 0.980000"
2026-08-20 16:14:27:628 MTC@admin-PC: "send cmd to cco:'6812004300000000000110080201003C9B16'O"
2026-08-20 16:14:32:402 MTC@admin-PC: "send cmd to cco:'681200430000000000011008023D003CD716'O"
2026-08-20 16:14:37:400 MTC@admin-PC: "send cmd to cco:'6812004300000000000110080279003C1316'O"
2026-08-20 16:14:43:595 MTC@admin-PC: "successRate = 0.675862, NeedsuccessRate = 0.980000"
2026-08-20 16:14:43:595 MTC@admin-PC: "send cmd to cco:'6812004300000000000110080201003C9B16'O"
2026-08-20 16:14:48:415 MTC@admin-PC: "send cmd to cco:'681200430000000000011008023D003CD716'O"
2026-08-20 16:14:53:423 MTC@admin-PC: "send cmd to cco:'6812004300000000000110080279003C1316'O"
2026-08-20 16:14:59:585 MTC@admin-PC: "successRate = 0.806897, NeedsuccessRate = 0.980000"
2026-08-20 16:14:59:585 MTC@admin-PC: "send cmd to cco:'6812004300000000000110080201003C9B16'O"
2026-08-20 16:15:04:452 MTC@admin-PC: "send cmd to cco:'681200430000000000011008023D003CD716'O"
2026-08-20 16:15:09:460 MTC@admin-PC: "send cmd to cco:'6812004300000000000110080279003C1316'O"
2026-08-20 16:15:15:622 MTC@admin-PC: "successRate = 0.841379, NeedsuccessRate = 0.980000"
2026-08-20 16:15:15:622 MTC@admin-PC: "send cmd to cco:'6812004300000000000110080201003C9B16'O"
2026-08-20 16:15:20:489 MTC@admin-PC: "send cmd to cco:'681200430000000000011008023D003CD716'O"
2026-08-20 16:15:25:496 MTC@admin-PC: "send cmd to cco:'6812004300000000000110080279003C1316'O"
2026-08-20 16:15:31:690 MTC@admin-PC: "successRate = 0.841379, NeedsuccessRate = 0.980000"
2026-08-20 16:15:31:690 MTC@admin-PC: "send cmd to cco:'6812004300000000000110080201003C9B16'O"
2026-08-20 16:15:36:576 MTC@admin-PC: "send cmd to cco:'681200430000000000011008023D003CD716'O"
2026-08-20 16:15:41:590 MTC@admin-PC: "send cmd to cco:'6812004300000000000110080279003C1316'O"
2026-08-20 16:15:47:705 MTC@admin-PC: "successRate = 0.841379, NeedsuccessRate = 0.980000"
2026-08-20 16:15:47:705 MTC@admin-PC: "send cmd to cco:'6812004300000000000110080201003C9B16'O"
2026-08-20 16:15:52:572 MTC@admin-PC: "send cmd to cco:'681200430000000000011008023D003CD716'O"
2026-08-20 16:15:57:611 MTC@admin-PC: "send cmd to cco:'6812004300000000000110080279003C1316'O"
2026-08-20 16:16:03:773 MTC@admin-PC: "successRate = 0.841379, NeedsuccessRate = 0.980000"
2026-08-20 16:16:03:773 MTC@admin-PC: "send cmd to cco:'6812004300000000000110080201003C9B16'O"
2026-08-20 16:16:08:656 MTC@admin-PC: "send cmd to cco:'681200430000000000011008023D003CD716'O"
2026-08-20 16:16:13:679 MTC@admin-PC: "send cmd to cco:'6812004300000000000110080279003C1316'O"
2026-08-20 16:16:19:872 MTC@admin-PC: "successRate = 0.841379, NeedsuccessRate = 0.980000"
2026-08-20 16:16:19:872 MTC@admin-PC: "send cmd to cco:'6812004300000000000110080201003C9B16'O"
2026-08-20 16:16:24:755 MTC@admin-PC: "send cmd to cco:'681200430000000000011008023D003CD716'O"
2026-08-20 16:16:29:762 MTC@admin-PC: "send cmd to cco:'6812004300000000000110080279003C1316'O"
2026-08-20 16:16:36:230 MTC@admin-PC: "successRate = 0.841379, NeedsuccessRate = 0.980000"
2026-08-20 16:16:36:245 MTC@admin-PC: "send cmd to cco:'6812004300000000000110080201003C9B16'O"
2026-08-20 16:16:40:928 MTC@admin-PC: "send cmd to cco:'681200430000000000011008023D003CD716'O"
2026-08-20 16:16:45:936 MTC@admin-PC: "send cmd to cco:'6812004300000000000110080279003C1316'O"
2026-08-20 16:16:52:114 MTC@admin-PC: "successRate = 0.841379, NeedsuccessRate = 0.980000"
2026-08-20 16:16:52:114 MTC@admin-PC: "send cmd to cco:'6812004300000000000110080201003C9B16'O"
2026-08-20 16:16:56:981 MTC@admin-PC: "send cmd to cco:'681200430000000000011008023D003CD716'O"
2026-08-20 16:17:01:988 MTC@admin-PC: "send cmd to cco:'6812004300000000000110080279003C1316'O"
2026-08-20 16:17:08:182 MTC@admin-PC: "successRate = 0.841379, NeedsuccessRate = 0.980000"
2026-08-20 16:17:08:182 MTC@admin-PC: "send cmd to cco:'6812004300000000000110080201003C9B16'O"
2026-08-20 16:17:13:049 MTC@admin-PC: "send cmd to cco:'681200430000000000011008023D003CD716'O"
2026-08-20 16:17:18:056 MTC@admin-PC: "send cmd to cco:'6812004300000000000110080279003C1316'O"
2026-08-20 16:17:24:234 MTC@admin-PC: "successRate = 0.841379, NeedsuccessRate = 0.980000"
2026-08-20 16:17:24:234 MTC@admin-PC: "send cmd to cco:'6812004300000000000110080201003C9B16'O"
2026-08-20 16:17:29:101 MTC@admin-PC: "send cmd to cco:'681200430000000000011008023D003CD716'O"
2026-08-20 16:17:34:109 MTC@admin-PC: "send cmd to cco:'6812004300000000000110080279003C1316'O"
2026-08-20 16:17:40:279 MTC@admin-PC: "successRate = 0.841379, NeedsuccessRate = 0.980000"
2026-08-20 16:17:40:279 MTC@admin-PC: "send cmd to cco:'6812004300000000000110080201003C9B16'O"
2026-08-20 16:17:45:166 MTC@admin-PC: "send cmd to cco:'681200430000000000011008023D003CD716'O"
2026-08-20 16:17:50:158 MTC@admin-PC: "send cmd to cco:'6812004300000000000110080279003C1316'O"
2026-08-20 16:17:56:351 MTC@admin-PC: "successRate = 0.841379, NeedsuccessRate = 0.980000"
2026-08-20 16:17:56:351 MTC@admin-PC: "send cmd to cco:'6812004300000000000110080201003C9B16'O"
2026-08-20 16:18:01:203 MTC@admin-PC: "send cmd to cco:'681200430000000000011008023D003CD716'O"
2026-08-20 16:18:06:211 MTC@admin-PC: "send cmd to cco:'6812004300000000000110080279003C1316'O"
2026-08-20 16:18:12:373 MTC@admin-PC: "successRate = 0.841379, NeedsuccessRate = 0.980000"
2026-08-20 16:18:12:373 MTC@admin-PC: "send cmd to cco:'6812004300000000000110080201003C9B16'O"
2026-08-20 16:18:17:240 MTC@admin-PC: "send cmd to cco:'681200430000000000011008023D003CD716'O"
2026-08-20 16:18:22:247 MTC@admin-PC: "send cmd to cco:'6812004300000000000110080279003C1316'O"
2026-08-20 16:18:28:425 MTC@admin-PC: "successRate = 0.841379, NeedsuccessRate = 0.980000"
2026-08-20 16:18:28:425 MTC@admin-PC: "send cmd to cco:'6812004300000000000110080201003C9B16'O"
2026-08-20 16:18:33:308 MTC@admin-PC: "send cmd to cco:'681200430000000000011008023D003CD716'O"
2026-08-20 16:18:38:308 MTC@admin-PC: "send cmd to cco:'6812004300000000000110080279003C1316'O"
2026-08-20 16:18:44:441 MTC@admin-PC: "successRate = 0.841379, NeedsuccessRate = 0.980000"
2026-08-20 16:18:44:441 MTC@admin-PC: "send cmd to cco:'6812004300000000000110080201003C9B16'O"
2026-08-20 16:18:49:308 MTC@admin-PC: "send cmd to cco:'681200430000000000011008023D003CD716'O"
2026-08-20 16:18:54:331 MTC@admin-PC: "send cmd to cco:'6812004300000000000110080279003C1316'O"
2026-08-20 16:19:00:540 MTC@admin-PC: "successRate = 0.841379, NeedsuccessRate = 0.980000"
2026-08-20 16:19:00:540 MTC@admin-PC: "send cmd to cco:'6812004300000000000110080201003C9B16'O"
2026-08-20 16:19:05:423 MTC@admin-PC: "send cmd to cco:'681200430000000000011008023D003CD716'O"
2026-08-20 16:19:10:431 MTC@admin-PC: "send cmd to cco:'6812004300000000000110080279003C1316'O"
2026-08-20 16:19:16:624 MTC@admin-PC: "successRate = 0.841379, NeedsuccessRate = 0.980000"
2026-08-20 16:19:16:624 MTC@admin-PC: "send cmd to cco:'6812004300000000000110080201003C9B16'O"
2026-08-20 16:19:21:491 MTC@admin-PC: "send cmd to cco:'681200430000000000011008023D003CD716'O"
2026-08-20 16:19:26:499 MTC@admin-PC: "send cmd to cco:'6812004300000000000110080279003C1316'O"
2026-08-20 16:19:32:661 MTC@admin-PC: "successRate = 0.841379, NeedsuccessRate = 0.980000"
2026-08-20 16:19:32:661 MTC@admin-PC: "send cmd to cco:'6812004300000000000110080201003C9B16'O"
2026-08-20 16:19:37:523 MTC@admin-PC: "send cmd to cco:'681200430000000000011008023D003CD716'O"
2026-08-20 16:19:42:533 MTC@admin-PC: "send cmd to cco:'6812004300000000000110080279003C1316'O"
2026-08-20 16:19:48:757 MTC@admin-PC: "successRate = 0.841379, NeedsuccessRate = 0.980000"
2026-08-20 16:19:48:757 MTC@admin-PC: "send cmd to cco:'6812004300000000000110080201003C9B16'O"
2026-08-20 16:19:53:640 MTC@admin-PC: "send cmd to cco:'681200430000000000011008023D003CD716'O"
2026-08-20 16:19:58:648 MTC@admin-PC: "send cmd to cco:'6812004300000000000110080279003C1316'O"
2026-08-20 16:20:04:825 MTC@admin-PC: "successRate = 0.841379, NeedsuccessRate = 0.980000"
2026-08-20 16:20:04:825 MTC@admin-PC: "send cmd to cco:'6812004300000000000110080201003C9B16'O"
2026-08-20 16:20:09:677 MTC@admin-PC: "send cmd to cco:'681200430000000000011008023D003CD716'O"
2026-08-20 16:20:14:700 MTC@admin-PC: "send cmd to cco:'6812004300000000000110080279003C1316'O"
2026-08-20 16:20:20:893 MTC@admin-PC: "successRate = 0.841379, NeedsuccessRate = 0.980000"
2026-08-20 16:20:20:893 MTC@admin-PC: "send cmd to cco:'6812004300000000000110080201003C9B16'O"
2026-08-20 16:20:25:776 MTC@admin-PC: "send cmd to cco:'681200430000000000011008023D003CD716'O"
2026-08-20 16:20:30:752 MTC@admin-PC: "send cmd to cco:'6812004300000000000110080279003C1316'O"
2026-08-20 16:20:37:196 MTC@admin-PC: "successRate = 0.841379, NeedsuccessRate = 0.980000"
2026-08-20 16:20:37:196 MTC@admin-PC: "send cmd to cco:'6812004300000000000110080201003C9B16'O"
2026-08-20 16:20:42:034 MTC@admin-PC: "send cmd to cco:'681200430000000000011008023D003CD716'O"
2026-08-20 16:20:47:057 MTC@admin-PC: "send cmd to cco:'6812004300000000000110080279003C1316'O"
2026-08-20 16:20:53:235 MTC@admin-PC: "successRate = 0.841379, NeedsuccessRate = 0.980000"
2026-08-20 16:20:53:235 MTC@admin-PC: "send cmd to cco:'6812004300000000000110080201003C9B16'O"
2026-08-20 16:20:58:118 MTC@admin-PC: "send cmd to cco:'681200430000000000011008023D003CD716'O"
2026-08-20 16:21:03:141 MTC@admin-PC: "send cmd to cco:'6812004300000000000110080279003C1316'O"
2026-08-20 16:21:09:334 MTC@admin-PC: "successRate = 0.841379, NeedsuccessRate = 0.980000"
2026-08-20 16:21:09:334 MTC@admin-PC: "send cmd to cco:'6812004300000000000110080201003C9B16'O"
2026-08-20 16:21:14:186 MTC@admin-PC: "send cmd to cco:'681200430000000000011008023D003CD716'O"
2026-08-20 16:21:19:193 MTC@admin-PC: "send cmd to cco:'6812004300000000000110080279003C1316'O"
2026-08-20 16:21:25:371 MTC@admin-PC: "successRate = 0.841379, NeedsuccessRate = 0.980000"
2026-08-20 16:21:25:371 MTC@admin-PC: "send cmd to cco:'6812004300000000000110080201003C9B16'O"
2026-08-20 16:21:30:254 MTC@admin-PC: "send cmd to cco:'681200430000000000011008023D003CD716'O"
2026-08-20 16:21:35:261 MTC@admin-PC: "send cmd to cco:'6812004300000000000110080279003C1316'O"
2026-08-20 16:21:41:390 MTC@admin-PC: "successRate = 0.841379, NeedsuccessRate = 0.980000"
2026-08-20 16:21:41:390 MTC@admin-PC: "send cmd to cco:'6812004300000000000110080201003C9B16'O"
2026-08-20 16:21:46:259 MTC@admin-PC: "send cmd to cco:'681200430000000000011008023D003CD716'O"
2026-08-20 16:21:51:267 MTC@admin-PC: "send cmd to cco:'6812004300000000000110080279003C1316'O"
2026-08-20 16:21:57:444 MTC@admin-PC: "successRate = 0.841379, NeedsuccessRate = 0.980000"
2026-08-20 16:21:57:444 MTC@admin-PC: "send cmd to cco:'6812004300000000000110080201003C9B16'O"
2026-08-20 16:22:02:327 MTC@admin-PC: "send cmd to cco:'681200430000000000011008023D003CD716'O"
2026-08-20 16:22:07:335 MTC@admin-PC: "send cmd to cco:'6812004300000000000110080279003C1316'O"
2026-08-20 16:22:13:528 MTC@admin-PC: "successRate = 0.841379, NeedsuccessRate = 0.980000"
2026-08-20 16:22:13:528 MTC@admin-PC: "send cmd to cco:'6812004300000000000110080201003C9B16'O"
2026-08-20 16:22:18:411 MTC@admin-PC: "send cmd to cco:'681200430000000000011008023D003CD716'O"
2026-08-20 16:22:23:418 MTC@admin-PC: "send cmd to cco:'6812004300000000000110080279003C1316'O"
2026-08-20 16:22:29:580 MTC@admin-PC: "successRate = 0.848276, NeedsuccessRate = 0.980000"
2026-08-20 16:22:29:596 MTC@admin-PC: "send cmd to cco:'6812004300000000000110080201003C9B16'O"
2026-08-20 16:22:34:448 MTC@admin-PC: "send cmd to cco:'681200430000000000011008023D003CD716'O"
2026-08-20 16:22:39:449 MTC@admin-PC: "send cmd to cco:'6812004300000000000110080279003C1316'O"
2026-08-20 16:22:45:628 MTC@admin-PC: "successRate = 0.862069, NeedsuccessRate = 0.980000"
2026-08-20 16:22:45:628 MTC@admin-PC: "send cmd to cco:'6812004300000000000110080201003C9B16'O"
2026-08-20 16:22:50:510 MTC@admin-PC: "send cmd to cco:'681200430000000000011008023D003CD716'O"
2026-08-20 16:22:55:518 MTC@admin-PC: "send cmd to cco:'6812004300000000000110080279003C1316'O"
2026-08-20 16:23:01:789 MTC@admin-PC: "successRate = 0.924138, NeedsuccessRate = 0.980000"
2026-08-20 16:23:01:789 MTC@admin-PC: "send cmd to cco:'6812004300000000000110080201003C9B16'O"
2026-08-20 16:23:06:672 MTC@admin-PC: "send cmd to cco:'681200430000000000011008023D003CD716'O"
2026-08-20 16:23:11:695 MTC@admin-PC: "send cmd to cco:'6812004300000000000110080279003C1316'O"
2026-08-20 16:23:17:889 MTC@admin-PC: "successRate = 0.951724, NeedsuccessRate = 0.980000"
2026-08-20 16:23:17:889 MTC@admin-PC: "send cmd to cco:'6812004300000000000110080201003C9B16'O"
2026-08-20 16:23:22:787 MTC@admin-PC: "send cmd to cco:'681200430000000000011008023D003CD716'O"
2026-08-20 16:23:27:795 MTC@admin-PC: "send cmd to cco:'6812004300000000000110080279003C1316'O"
2026-08-20 16:23:34:003 MTC@admin-PC: "successRate = 0.951724, NeedsuccessRate = 0.980000"
2026-08-20 16:23:34:003 MTC@admin-PC: "send cmd to cco:'6812004300000000000110080201003C9B16'O"
2026-08-20 16:23:38:901 MTC@admin-PC: "send cmd to cco:'681200430000000000011008023D003CD716'O"
2026-08-20 16:23:43:911 MTC@admin-PC: "send cmd to cco:'6812004300000000000110080279003C1316'O"
2026-08-20 16:23:50:135 MTC@admin-PC: "successRate = 0.951724, NeedsuccessRate = 0.980000"
2026-08-20 16:23:50:135 MTC@admin-PC: "send cmd to cco:'6812004300000000000110080201003C9B16'O"
2026-08-20 16:23:55:034 MTC@admin-PC: "send cmd to cco:'681200430000000000011008023D003CD716'O"
2026-08-20 16:24:00:041 MTC@admin-PC: "send cmd to cco:'6812004300000000000110080279003C1316'O"
2026-08-20 16:24:06:281 MTC@admin-PC: "successRate = 0.965517, NeedsuccessRate = 0.980000"
2026-08-20 16:24:06:281 MTC@admin-PC: "send cmd to cco:'6812004300000000000110080201003C9B16'O"
2026-08-20 16:24:11:164 MTC@admin-PC: "send cmd to cco:'681200430000000000011008023D003CD716'O"
2026-08-20 16:24:16:172 MTC@admin-PC: "send cmd to cco:'6812004300000000000110080279003C1316'O"
2026-08-20 16:24:22:443 MTC@admin-PC: "successRate = 0.993103, NeedsuccessRate = 0.980000"
2026-08-20 16:24:27:248 MTC@admin-PC: "send cmd to cco:'6812004300000000000110080201003C9B16'O"
2026-08-20 16:24:32:333 MTC@admin-PC: "send cmd to cco:'681200430000000000011008023D003CD716'O"
2026-08-20 16:24:37:341 MTC@admin-PC: "send cmd to cco:'6812004300000000000110080279003C1316'O"
2026-08-20 16:24:43:660 MTC@admin-PC: "successRate = 1.000000, NeedsuccessRate = 0.980000"
2026-08-20 16:24:43:660 MTC@admin-PC: "successRate:1.000000"
2026-08-20 16:24:43:676 MTC@admin-PC: "send cmd to cco:'6810004300000000000105800102CC16'O"
2026-08-20 16:24:43:707 MTC@admin-PC: "send cmd to cco:'681200430000000000010501020220006E16'O"
2026-08-20 16:30:43:543 MTC@admin-PC: "send cmd to cco:'680F00430000000000010102004716'O"
2026-08-20 16:30:44:091 MTC@admin-PC: "send cmd to cco:'6810004300000000000105800102CC16'O"
2026-08-20 16:33:05:892 MTC@admin-PC: "send cmd to cco:'680F00430000000000010102004716'O"
2026-08-20 16:33:06:485 MTC@admin-PC: "send cmd to cco:'687900430000000000011101000F0400000110010301000001120103020000011201030300000112010304000001120103050000011201030600000112010307000001120103080000011201030900000112010310000001120103110000011201031200000112010313000001120103140000011201034716'O"
2026-08-20 16:33:08:264 MTC@admin-PC: "send cmd to cco:'687900430000000000011101000F1500000112010316000001120103170000011201031800000112010319000001120103200000011201030100000111010302000001110103030000011101030400000111010305000001110103060000011101030700000111010308000001110103090000011101037516'O"
2026-08-20 16:33:08:388 MTC@admin-PC: "send cmd to cco:'687900430000000000011101000F100000011101031100000111010312000001110103130000011101031400000111010315000001110103160000011101031700000111010318000001110103190000011101032000000111010301000001140103020000011401030300000114010304000001140103B216'O"
2026-08-20 16:33:08:529 MTC@admin-PC: "send cmd to cco:'687900430000000000011101000F050000011401030600000114010307000001140103080000011401030900000114010310000001140103110000011401031200000114010313000001140103140000011401031500000114010316000001140103170000011401031800000114010319000001140103CC16'O"
2026-08-20 16:33:08:669 MTC@admin-PC: "send cmd to cco:'687900430000000000011101000F2000000114010301000001150103020000011501030300000115010301000001160103020000011601030300000116010301000001170103020000011701030300000117010301000001180103020000011801030300000118010301000001190103020000011901033F16'O"
2026-08-20 16:33:08:794 MTC@admin-PC: "send cmd to cco:'687900430000000000011101000F030000011901030100000120010302000001200103030000012001030100000121010302000001210103030000012101030400000121010305000001210103060000012101030700000121010308000001210103090000012101031000000121010311000001210103EB16'O"
2026-08-20 16:33:08:888 MTC@admin-PC: "send cmd to cco:'687900430000000000011101000F1200000121010313000001210103140000012101031500000121010316000001210103170000012101031800000121010319000001210103200000012101030100000122010302000001220103030000012201030100000123010302000001230103030000012301038016'O"
2026-08-20 16:33:08:997 MTC@admin-PC: "send cmd to cco:'687900430000000000011101000F0400000123010305000001230103060000012301030700000123010308000001230103090000012301031000000123010311000001230103120000012301031300000123010314000001230103150000012301031600000123010317000001230103180000012301039816'O"
2026-08-20 16:33:09:090 MTC@admin-PC: "send cmd to cco:'687900430000000000011101000F1900000123010320000001230103010000012401030200000124010303000001240103040000012401030500000124010306000001240103070000012401030800000124010309000001240103100000012401031100000124010312000001240103130000012401037616'O"
2026-08-20 16:33:09:200 MTC@admin-PC: "send cmd to cco:'683300430000000000011101000514000001240103150000012401031600000124010317000001240103180000012401039616'O"
2026-08-20 16:33:09:278 MTC@admin-PC: "send cmd to cco:'68250043000000000001110100031900000124010320000001240103010000012501030F16'O"
2026-08-20 16:33:09:324 MTC@admin-PC: "send cmd to cco:'6817004300000000000111010001020000012501038316'O"
2026-08-20 16:33:09:402 MTC@admin-PC: "send cmd to cco:'6817004300000000000111010001030000012501038416'O"
2026-08-20 16:33:09:449 MTC@admin-PC: "send cmd to cco:'6810004300000000000105800102CC16'O"
2026-08-20 16:33:34:503 MTC@admin-PC: "send cmd to cco:'6812004300000000000110080201003C9B16'O"
2026-08-20 16:33:39:526 MTC@admin-PC: "send cmd to cco:'681200430000000000011008023D003CD716'O"
2026-08-20 16:33:44:533 MTC@admin-PC: "send cmd to cco:'6812004300000000000110080279003C1316'O"
2026-08-20 16:33:50:586 MTC@admin-PC: "successRate = 0.000000, NeedsuccessRate = 0.980000"
2026-08-20 16:33:50:586 MTC@admin-PC: "send cmd to cco:'6812004300000000000110080201003C9B16'O"
2026-08-20 16:33:55:328 MTC@admin-PC: "send cmd to cco:'681200430000000000011008023D003CD716'O"
2026-08-20 16:34:00:289 MTC@admin-PC: "send cmd to cco:'6812004300000000000110080279003C1316'O"
2026-08-20 16:34:06:451 MTC@admin-PC: "successRate = 0.034483, NeedsuccessRate = 0.980000"
2026-08-20 16:34:06:451 MTC@admin-PC: "send cmd to cco:'6812004300000000000110080201003C9B16'O"
2026-08-20 16:34:11:162 MTC@admin-PC: "send cmd to cco:'681200430000000000011008023D003CD716'O"
2026-08-20 16:34:16:186 MTC@admin-PC: "send cmd to cco:'6812004300000000000110080279003C1316'O"
2026-08-20 16:34:22:270 MTC@admin-PC: "successRate = 0.158621, NeedsuccessRate = 0.980000"
2026-08-20 16:34:22:270 MTC@admin-PC: "send cmd to cco:'6812004300000000000110080201003C9B16'O"
2026-08-20 16:34:27:012 MTC@admin-PC: "send cmd to cco:'681200430000000000011008023D003CD716'O"
2026-08-20 16:34:31:973 MTC@admin-PC: "send cmd to cco:'6812004300000000000110080279003C1316'O"
2026-08-20 16:34:38:150 MTC@admin-PC: "successRate = 0.358621, NeedsuccessRate = 0.980000"
2026-08-20 16:34:38:150 MTC@admin-PC: "send cmd to cco:'6812004300000000000110080201003C9B16'O"
2026-08-20 16:34:42:890 MTC@admin-PC: "send cmd to cco:'681200430000000000011008023D003CD716'O"
2026-08-20 16:34:47:852 MTC@admin-PC: "send cmd to cco:'6812004300000000000110080279003C1316'O"
2026-08-20 16:34:54:046 MTC@admin-PC: "successRate = 0.420690, NeedsuccessRate = 0.980000"
2026-08-20 16:34:54:046 MTC@admin-PC: "send cmd to cco:'6812004300000000000110080201003C9B16'O"
2026-08-20 16:34:58:804 MTC@admin-PC: "send cmd to cco:'681200430000000000011008023D003CD716'O"
2026-08-20 16:35:03:764 MTC@admin-PC: "send cmd to cco:'6812004300000000000110080279003C1316'O"
2026-08-20 16:35:09:895 MTC@admin-PC: "successRate = 0.420690, NeedsuccessRate = 0.980000"
2026-08-20 16:35:09:895 MTC@admin-PC: "send cmd to cco:'6812004300000000000110080201003C9B16'O"
2026-08-20 16:35:14:716 MTC@admin-PC: "send cmd to cco:'681200430000000000011008023D003CD716'O"
2026-08-20 16:35:19:692 MTC@admin-PC: "send cmd to cco:'6812004300000000000110080279003C1316'O"
2026-08-20 16:35:25:838 MTC@admin-PC: "successRate = 0.427586, NeedsuccessRate = 0.980000"
2026-08-20 16:35:25:838 MTC@admin-PC: "send cmd to cco:'6812004300000000000110080201003C9B16'O"
2026-08-20 16:35:30:674 MTC@admin-PC: "send cmd to cco:'681200430000000000011008023D003CD716'O"
2026-08-20 16:35:35:651 MTC@admin-PC: "send cmd to cco:'6812004300000000000110080279003C1316'O"
2026-08-20 16:35:41:830 MTC@admin-PC: "successRate = 0.427586, NeedsuccessRate = 0.980000"
2026-08-20 16:35:41:845 MTC@admin-PC: "send cmd to cco:'6812004300000000000110080201003C9B16'O"
2026-08-20 16:35:46:653 MTC@admin-PC: "send cmd to cco:'681200430000000000011008023D003CD716'O"
2026-08-20 16:35:51:630 MTC@admin-PC: "send cmd to cco:'6812004300000000000110080279003C1316'O"
2026-08-20 16:35:57:838 MTC@admin-PC: "successRate = 0.427586, NeedsuccessRate = 0.980000"
2026-08-20 16:35:57:838 MTC@admin-PC: "send cmd to cco:'6812004300000000000110080201003C9B16'O"
2026-08-20 16:36:02:612 MTC@admin-PC: "send cmd to cco:'681200430000000000011008023D003CD716'O"
2026-08-20 16:36:07:557 MTC@admin-PC: "send cmd to cco:'6812004300000000000110080279003C1316'O"
2026-08-20 16:36:13:719 MTC@admin-PC: "successRate = 0.427586, NeedsuccessRate = 0.980000"
2026-08-20 16:36:13:735 MTC@admin-PC: "send cmd to cco:'6812004300000000000110080201003C9B16'O"
2026-08-20 16:36:18:462 MTC@admin-PC: "send cmd to cco:'681200430000000000011008023D003CD716'O"
2026-08-20 16:36:23:438 MTC@admin-PC: "send cmd to cco:'6812004300000000000110080279003C1316'O"
2026-08-20 16:36:29:569 MTC@admin-PC: "successRate = 0.427586, NeedsuccessRate = 0.980000"
2026-08-20 16:36:29:569 MTC@admin-PC: "send cmd to cco:'6812004300000000000110080201003C9B16'O"
2026-08-20 16:36:34:421 MTC@admin-PC: "send cmd to cco:'681200430000000000011008023D003CD716'O"
2026-08-20 16:36:39:350 MTC@admin-PC: "send cmd to cco:'6812004300000000000110080279003C1316'O"
2026-08-20 16:36:45:623 MTC@admin-PC: "successRate = 0.427586, NeedsuccessRate = 0.980000"
2026-08-20 16:36:45:623 MTC@admin-PC: "send cmd to cco:'6812004300000000000110080201003C9B16'O"
2026-08-20 16:36:50:396 MTC@admin-PC: "send cmd to cco:'681200430000000000011008023D003CD716'O"
2026-08-20 16:36:55:357 MTC@admin-PC: "send cmd to cco:'6812004300000000000110080279003C1316'O"
2026-08-20 16:37:01:535 MTC@admin-PC: "successRate = 0.427586, NeedsuccessRate = 0.980000"
2026-08-20 16:37:01:535 MTC@admin-PC: "send cmd to cco:'6812004300000000000110080201003C9B16'O"
2026-08-20 16:37:06:324 MTC@admin-PC: "send cmd to cco:'681200430000000000011008023D003CD716'O"
2026-08-20 16:37:11:285 MTC@admin-PC: "send cmd to cco:'6812004300000000000110080279003C1316'O"
2026-08-20 16:37:17:431 MTC@admin-PC: "successRate = 0.427586, NeedsuccessRate = 0.980000"
2026-08-20 16:37:17:447 MTC@admin-PC: "send cmd to cco:'6812004300000000000110080201003C9B16'O"
2026-08-20 16:37:22:267 MTC@admin-PC: "send cmd to cco:'681200430000000000011008023D003CD716'O"
2026-08-20 16:37:27:243 MTC@admin-PC: "send cmd to cco:'6812004300000000000110080279003C1316'O"
2026-08-20 16:37:33:421 MTC@admin-PC: "successRate = 0.427586, NeedsuccessRate = 0.980000"
2026-08-20 16:37:33:421 MTC@admin-PC: "send cmd to cco:'6812004300000000000110080201003C9B16'O"
2026-08-20 16:37:38:226 MTC@admin-PC: "send cmd to cco:'681200430000000000011008023D003CD716'O"
2026-08-20 16:37:43:189 MTC@admin-PC: "send cmd to cco:'6812004300000000000110080279003C1316'O"
2026-08-20 16:37:49:321 MTC@admin-PC: "successRate = 0.427586, NeedsuccessRate = 0.980000"
2026-08-20 16:37:49:337 MTC@admin-PC: "send cmd to cco:'6812004300000000000110080201003C9B16'O"
2026-08-20 16:37:54:142 MTC@admin-PC: "send cmd to cco:'681200430000000000011008023D003CD716'O"
2026-08-20 16:37:59:103 MTC@admin-PC: "send cmd to cco:'6812004300000000000110080279003C1316'O"
2026-08-20 16:38:05:327 MTC@admin-PC: "successRate = 0.427586, NeedsuccessRate = 0.980000"
2026-08-20 16:38:05:327 MTC@admin-PC: "send cmd to cco:'6812004300000000000110080201003C9B16'O"
2026-08-20 16:38:10:085 MTC@admin-PC: "send cmd to cco:'681200430000000000011008023D003CD716'O"
2026-08-20 16:38:15:062 MTC@admin-PC: "send cmd to cco:'6812004300000000000110080279003C1316'O"
2026-08-20 16:38:21:192 MTC@admin-PC: "successRate = 0.427586, NeedsuccessRate = 0.980000"
2026-08-20 16:38:21:192 MTC@admin-PC: "send cmd to cco:'6812004300000000000110080201003C9B16'O"
2026-08-20 16:38:25:997 MTC@admin-PC: "send cmd to cco:'681200430000000000011008023D003CD716'O"
2026-08-20 16:38:30:942 MTC@admin-PC: "send cmd to cco:'6812004300000000000110080279003C1316'O"
2026-08-20 16:38:37:167 MTC@admin-PC: "successRate = 0.427586, NeedsuccessRate = 0.980000"
2026-08-20 16:38:37:167 MTC@admin-PC: "send cmd to cco:'6812004300000000000110080201003C9B16'O"
2026-08-20 16:38:42:015 MTC@admin-PC: "send cmd to cco:'681200430000000000011008023D003CD716'O"
2026-08-20 16:38:46:992 MTC@admin-PC: "send cmd to cco:'6812004300000000000110080279003C1316'O"
2026-08-20 16:38:53:170 MTC@admin-PC: "successRate = 0.427586, NeedsuccessRate = 0.980000"
2026-08-20 16:38:53:170 MTC@admin-PC: "send cmd to cco:'6812004300000000000110080201003C9B16'O"
2026-08-20 16:38:57:974 MTC@admin-PC: "send cmd to cco:'681200430000000000011008023D003CD716'O"
2026-08-20 16:39:02:951 MTC@admin-PC: "send cmd to cco:'6812004300000000000110080279003C1316'O"
2026-08-20 16:39:09:128 MTC@admin-PC: "successRate = 0.427586, NeedsuccessRate = 0.980000"
2026-08-20 16:39:09:128 MTC@admin-PC: "send cmd to cco:'6812004300000000000110080201003C9B16'O"
2026-08-20 16:39:13:918 MTC@admin-PC: "send cmd to cco:'681200430000000000011008023D003CD716'O"
2026-08-20 16:39:18:910 MTC@admin-PC: "send cmd to cco:'6812004300000000000110080279003C1316'O"
2026-08-20 16:39:25:040 MTC@admin-PC: "successRate = 0.427586, NeedsuccessRate = 0.980000"
2026-08-20 16:39:25:040 MTC@admin-PC: "send cmd to cco:'6812004300000000000110080201003C9B16'O"
2026-08-20 16:39:29:892 MTC@admin-PC: "send cmd to cco:'681200430000000000011008023D003CD716'O"
2026-08-20 16:39:34:884 MTC@admin-PC: "send cmd to cco:'6812004300000000000110080279003C1316'O"
2026-08-20 16:39:41:155 MTC@admin-PC: "successRate = 0.848276, NeedsuccessRate = 0.980000"
2026-08-20 16:39:41:171 MTC@admin-PC: "send cmd to cco:'6812004300000000000110080201003C9B16'O"
2026-08-20 16:39:45:993 MTC@admin-PC: "send cmd to cco:'681200430000000000011008023D003CD716'O"
2026-08-20 16:39:51:049 MTC@admin-PC: "send cmd to cco:'6812004300000000000110080279003C1316'O"
2026-08-20 16:39:57:273 MTC@admin-PC: "successRate = 0.993103, NeedsuccessRate = 0.980000"
2026-08-20 16:40:02:078 MTC@admin-PC: "send cmd to cco:'6812004300000000000110080201003C9B16'O"
2026-08-20 16:40:07:163 MTC@admin-PC: "send cmd to cco:'681200430000000000011008023D003CD716'O"
2026-08-20 16:40:12:171 MTC@admin-PC: "send cmd to cco:'6812004300000000000110080279003C1316'O"
2026-08-20 16:40:18:395 MTC@admin-PC: "successRate = 0.993103, NeedsuccessRate = 0.980000"
2026-08-20 16:40:18:395 MTC@admin-PC: "send cmd to cco:'6812004300000000000110080201003C9B16'O"
2026-08-20 16:40:23:278 MTC@admin-PC: "send cmd to cco:'681200430000000000011008023D003CD716'O"
2026-08-20 16:40:28:286 MTC@admin-PC: "send cmd to cco:'6812004300000000000110080279003C1316'O"
2026-08-20 16:40:34:557 MTC@admin-PC: "successRate = 0.993103, NeedsuccessRate = 0.980000"
2026-08-20 16:40:34:557 MTC@admin-PC: "send cmd to cco:'6812004300000000000110080201003C9B16'O"
2026-08-20 16:40:39:440 MTC@admin-PC: "send cmd to cco:'681200430000000000011008023D003CD716'O"
2026-08-20 16:40:44:457 MTC@admin-PC: "send cmd to cco:'6812004300000000000110080279003C1316'O"
2026-08-20 16:40:50:698 MTC@admin-PC: "successRate = 0.993103, NeedsuccessRate = 0.980000"
2026-08-20 16:40:50:698 MTC@admin-PC: "send cmd to cco:'6812004300000000000110080201003C9B16'O"
2026-08-20 16:40:55:597 MTC@admin-PC: "send cmd to cco:'681200430000000000011008023D003CD716'O"
2026-08-20 16:40:57:079 MTC@admin-PC: "join net successRate:0.993103"
2026-08-20 16:42:37:163 MTC@admin-PC: "send cmd to cco:'680F00430000000000011202005816'O"
2026-08-20 16:42:37:210 MTC@admin-PC: "receive pak not need, continue"
2026-08-20 16:42:37:226 MTC@admin-PC: "find correct 3762 buffer!"
2026-08-20 16:42:37:226 MTC@admin-PC: "receive cmd ok"
2026-08-20 16:42:37:241 MTC@admin-PC: "send cmd to cco:'680F00430000000000010340008716'O"
2026-08-20 16:42:37:257 MTC@admin-PC: "find correct 3762 buffer!"
2026-08-20 16:42:37:257 MTC@admin-PC: "receive cmd ok"
2026-08-20 16:42:37:272 MTC@admin-PC: "send cmd to cco:'68510043040000000001630198900000010000011201F1010003003200681700430501000001120100E9D30501010010020000FE1916681700430501000001120100E9D305010140000200007D1B167D16'O"
2026-08-20 16:42:37:288 MTC@admin-PC: "send cmd to cco:'68510043040000000002630198900000020000011201F1010003003200681700430502000001120100877B0501010010020000FE1916681700430502000001120100877B05010140000200007D1B160D16'O"
2026-08-20 16:42:37:319 MTC@admin-PC: "send cmd to cco:'68510043040000000003630198900000030000011201F101000300320068170043050300000112010052E40501010010020000FE191668170043050300000112010052E405010140000200007D1B167916'O"
2026-08-20 16:42:37:350 MTC@admin-PC: "send cmd to cco:'68510043040000000004630198900000040000011201F10100030032006817004305040000011201004A230501010010020000FE19166817004305040000011201004A2305010140000200007D1B16EB16'O"
2026-08-20 16:42:37:382 MTC@admin-PC: "send cmd to cco:'68510043040000000005630198900000050000011201F10100030032006817004305050000011201009FBC0501010010020000FE19166817004305050000011201009FBC05010140000200007D1B16CB16'O"
2026-08-20 16:42:37:413 MTC@admin-PC: "send cmd to cco:'68510043040000000006630198900000060000011201F1010003003200681700430506000001120100F1140501010010020000FE1916681700430506000001120100F11405010140000200007D1B162316'O"
2026-08-20 16:42:37:631 MTC@admin-PC: "More than maximum allowable number of 376.2 (109)"
2026-08-20 16:42:37:709 MTC@admin-PC: "More than maximum allowable number of 376.2 (109)"
2026-08-20 16:42:41:640 MTC@admin-PC: "Recieved F101"
2026-08-20 16:42:41:640 MTC@admin-PC: "ReadMeter Success, mac addr:'010000011201'O"
2026-08-20 16:42:41:640 MTC@admin-PC: "Read up user data:'00100200010105060000020006000002000600000200060000020006000002000000'O"
2026-08-20 16:42:41:640 MTC@admin-PC: "restart timer ti_wait_new_report....,cycle :0"
2026-08-20 16:42:41:656 MTC@admin-PC: "start ti_single_send while rcv pack"
2026-08-20 16:42:41:750 MTC@admin-PC: "Recieved F101"
2026-08-20 16:42:41:750 MTC@admin-PC: "ReadMeter Success, mac addr:'040000011201'O"
2026-08-20 16:42:41:750 MTC@admin-PC: "Read up user data:'00100200010105060000020006000002000600000200060000020006000002000000'O"
2026-08-20 16:42:41:765 MTC@admin-PC: "restart timer ti_wait_new_report....,cycle :0"
2026-08-20 16:42:41:781 MTC@admin-PC: "start ti_single_send while rcv pack"
2026-08-20 16:42:41:843 MTC@admin-PC: "Recieved F101"
2026-08-20 16:42:41:843 MTC@admin-PC: "ReadMeter Success, mac addr:'060000011201'O"
2026-08-20 16:42:41:843 MTC@admin-PC: "Read up user data:'00100200010105060000020006000002000600000200060000020006000002000000'O"
2026-08-20 16:42:41:859 MTC@admin-PC: "restart timer ti_wait_new_report....,cycle :0"
2026-08-20 16:42:41:874 MTC@admin-PC: "start ti_single_send while rcv pack"
2026-08-20 16:42:41:952 MTC@admin-PC: "Recieved F101"
2026-08-20 16:42:41:952 MTC@admin-PC: "ReadMeter Success, mac addr:'080000011201'O"
2026-08-20 16:42:41:952 MTC@admin-PC: "Read up user data:'00100200010105060000020006000002000600000200060000020006000002000000'O"
2026-08-20 16:42:41:968 MTC@admin-PC: "restart timer ti_wait_new_report....,cycle :0"
2026-08-20 16:42:41:968 MTC@admin-PC: "start ti_single_send while rcv pack"
2026-08-20 16:42:42:015 MTC@admin-PC: "Recieved F101"
2026-08-20 16:42:42:044 MTC@admin-PC: "ReadMeter Success, mac addr:'090000011201'O"
2026-08-20 16:42:42:046 MTC@admin-PC: "Read up user data:'00100200010105060000020006000002000600000200060000020006000002000000'O"
2026-08-20 16:42:42:051 MTC@admin-PC: "restart timer ti_wait_new_report....,cycle :0"
2026-08-20 16:42:42:053 MTC@admin-PC: "start ti_single_send while rcv pack"
2026-08-20 16:42:42:099 MTC@admin-PC: "Recieved F101"
2026-08-20 16:42:42:099 MTC@admin-PC: "ReadMeter Success, mac addr:'030000011201'O"
2026-08-20 16:42:42:099 MTC@admin-PC: "Read up user data:'00100200010105060000020006000002000600000200060000020006000002000000'O"
2026-08-20 16:42:42:114 MTC@admin-PC: "restart timer ti_wait_new_report....,cycle :0"
2026-08-20 16:42:42:114 MTC@admin-PC: "start ti_single_send while rcv pack"
2026-08-20 16:42:42:161 MTC@admin-PC: "Recieved F101"
2026-08-20 16:42:42:161 MTC@admin-PC: "ReadMeter Success, mac addr:'050000011201'O"
2026-08-20 16:42:42:161 MTC@admin-PC: "Read up user data:'00100200010105060000020006000002000600000200060000020006000002000000'O"
2026-08-20 16:42:42:177 MTC@admin-PC: "restart timer ti_wait_new_report....,cycle :0"
2026-08-20 16:42:42:177 MTC@admin-PC: "start ti_single_send while rcv pack"
2026-08-20 16:42:42:223 MTC@admin-PC: "Recieved F101"
2026-08-20 16:42:42:223 MTC@admin-PC: "ReadMeter Success, mac addr:'070000011201'O"
2026-08-20 16:42:42:223 MTC@admin-PC: "Read up user data:'00100200010105060000020006000002000600000200060000020006000002000000'O"
2026-08-20 16:42:42:239 MTC@admin-PC: "restart timer ti_wait_new_report....,cycle :0"
2026-08-20 16:42:42:239 MTC@admin-PC: "start ti_single_send while rcv pack"
2026-08-20 16:42:42:286 MTC@admin-PC: "Recieved F101"
2026-08-20 16:42:42:286 MTC@admin-PC: "ReadMeter Success, mac addr:'020000011201'O"
2026-08-20 16:42:42:286 MTC@admin-PC: "Read up user data:'00100200010105060000020006000002000600000200060000020006000002000000'O"
2026-08-20 16:42:42:301 MTC@admin-PC: "restart timer ti_wait_new_report....,cycle :0"
2026-08-20 16:42:42:301 MTC@admin-PC: "start ti_single_send while rcv pack"
2026-08-20 16:42:45:983 MTC@admin-PC: "Recieved F101"
2026-08-20 16:42:45:999 MTC@admin-PC: "ReadMeter Success, mac addr:'130000011201'O"
2026-08-20 16:42:45:999 MTC@admin-PC: "Read up user data:'00100200010105060000020006000002000600000200060000020006000002000000'O"
2026-08-20 16:42:46:014 MTC@admin-PC: "restart timer ti_wait_new_report....,cycle :0"
2026-08-20 16:42:46:014 MTC@admin-PC: "start ti_single_send while rcv pack"
2026-08-20 16:42:46:123 MTC@admin-PC: "Recieved F101"
2026-08-20 16:42:46:123 MTC@admin-PC: "ReadMeter Success, mac addr:'140000011201'O"
2026-08-20 16:42:46:139 MTC@admin-PC: "Read up user data:'00100200010105060000020006000002000600000200060000020006000002000000'O"
2026-08-20 16:42:46:139 MTC@admin-PC: "restart timer ti_wait_new_report....,cycle :0"
2026-08-20 16:42:46:139 MTC@admin-PC: "start ti_single_send while rcv pack"
2026-08-20 16:42:46:529 MTC@admin-PC: "Recieved F101"
2026-08-20 16:42:46:545 MTC@admin-PC: "ReadMeter Success, mac addr:'150000011201'O"
2026-08-20 16:42:46:545 MTC@admin-PC: "Read up user data:'00100200010105060000020006000002000600000200060000020006000002000000'O"
2026-08-20 16:42:46:545 MTC@admin-PC: "restart timer ti_wait_new_report....,cycle :0"
2026-08-20 16:42:46:545 MTC@admin-PC: "start ti_single_send while rcv pack"
2026-08-20 16:42:46:593 MTC@admin-PC: "Recieved F101"
2026-08-20 16:42:46:609 MTC@admin-PC: "ReadMeter Success, mac addr:'190000011201'O"
2026-08-20 16:42:46:609 MTC@admin-PC: "Read up user data:'00100200010105060000020006000002000600000200060000020006000002000000'O"
2026-08-20 16:42:46:609 MTC@admin-PC: "restart timer ti_wait_new_report....,cycle :0"
2026-08-20 16:42:46:625 MTC@admin-PC: "start ti_single_send while rcv pack"
2026-08-20 16:42:46:671 MTC@admin-PC: "Recieved F101"
2026-08-20 16:42:46:671 MTC@admin-PC: "ReadMeter Success, mac addr:'160000011201'O"
2026-08-20 16:42:46:671 MTC@admin-PC: "Read up user data:'00100200010105060000020006000002000600000200060000020006000002000000'O"
2026-08-20 16:42:46:687 MTC@admin-PC: "restart timer ti_wait_new_report....,cycle :0"
2026-08-20 16:42:46:687 MTC@admin-PC: "start ti_single_send while rcv pack"
2026-08-20 16:42:46:718 MTC@admin-PC: "Recieved F101"
2026-08-20 16:42:46:718 MTC@admin-PC: "ReadMeter Success, mac addr:'010000011101'O"
2026-08-20 16:42:46:718 MTC@admin-PC: "Read up user data:'00100200010105060000020006000002000600000200060000020006000002000000'O"
2026-08-20 16:42:46:718 MTC@admin-PC: "restart timer ti_wait_new_report....,cycle :0"
2026-08-20 16:42:46:734 MTC@admin-PC: "start ti_single_send while rcv pack"
2026-08-20 16:42:46:999 MTC@admin-PC: "Recieved F101"
2026-08-20 16:42:46:999 MTC@admin-PC: "ReadMeter Success, mac addr:'180000011201'O"
2026-08-20 16:42:47:015 MTC@admin-PC: "Read up user data:'00100200010105060000020006000002000600000200060000020006000002000000'O"
2026-08-20 16:42:47:015 MTC@admin-PC: "restart timer ti_wait_new_report....,cycle :0"
2026-08-20 16:42:47:030 MTC@admin-PC: "start ti_single_send while rcv pack"
2026-08-20 16:42:47:061 MTC@admin-PC: "Recieved F101"
2026-08-20 16:42:47:061 MTC@admin-PC: "ReadMeter Success, mac addr:'200000011201'O"
2026-08-20 16:42:47:061 MTC@admin-PC: "Read up user data:'00100200010105060000020006000002000600000200060000020006000002000000'O"
2026-08-20 16:42:47:077 MTC@admin-PC: "restart timer ti_wait_new_report....,cycle :0"
2026-08-20 16:42:47:077 MTC@admin-PC: "start ti_single_send while rcv pack"
2026-08-20 16:42:50:322 MTC@admin-PC: "Recieved F101"
2026-08-20 16:42:50:322 MTC@admin-PC: "ReadMeter Success, mac addr:'020000011101'O"
2026-08-20 16:42:50:322 MTC@admin-PC: "Read up user data:'00100200010105060000020006000002000600000200060000020006000002000000'O"
2026-08-20 16:42:50:337 MTC@admin-PC: "restart timer ti_wait_new_report....,cycle :0"
2026-08-20 16:42:50:337 MTC@admin-PC: "start ti_single_send while rcv pack"
2026-08-20 16:42:50:462 MTC@admin-PC: "Recieved F101"
2026-08-20 16:42:50:462 MTC@admin-PC: "ReadMeter Success, mac addr:'030000011101'O"
2026-08-20 16:42:50:462 MTC@admin-PC: "Read up user data:'00100200010105060000020006000002000600000200060000020006000002000000'O"
2026-08-20 16:42:50:478 MTC@admin-PC: "restart timer ti_wait_new_report....,cycle :0"
2026-08-20 16:42:50:478 MTC@admin-PC: "start ti_single_send while rcv pack"
2026-08-20 16:42:50:883 MTC@admin-PC: "Recieved F101"
2026-08-20 16:42:50:899 MTC@admin-PC: "ReadMeter Success, mac addr:'040000011101'O"
2026-08-20 16:42:50:899 MTC@admin-PC: "Read up user data:'00100200010105060000020006000002000600000200060000020006000002000000'O"
2026-08-20 16:42:50:899 MTC@admin-PC: "restart timer ti_wait_new_report....,cycle :0"
2026-08-20 16:42:50:899 MTC@admin-PC: "start ti_single_send while rcv pack"
2026-08-20 16:42:50:930 MTC@admin-PC: "Recieved F101"
2026-08-20 16:42:50:946 MTC@admin-PC: "ReadMeter Success, mac addr:'050000011101'O"
2026-08-20 16:42:50:946 MTC@admin-PC: "Read up user data:'00100200010105060000020006000002000600000200060000020006000002000000'O"
2026-08-20 16:42:50:961 MTC@admin-PC: "restart timer ti_wait_new_report....,cycle :0"
2026-08-20 16:42:50:961 MTC@admin-PC: "start ti_single_send while rcv pack"
2026-08-20 16:42:50:993 MTC@admin-PC: "Recieved F101"
2026-08-20 16:42:50:993 MTC@admin-PC: "ReadMeter Success, mac addr:'060000011101'O"
2026-08-20 16:42:50:993 MTC@admin-PC: "Read up user data:'00100200010105060000020006000002000600000200060000020006000002000000'O"
2026-08-20 16:42:51:008 MTC@admin-PC: "restart timer ti_wait_new_report....,cycle :0"
2026-08-20 16:42:51:008 MTC@admin-PC: "start ti_single_send while rcv pack"
2026-08-20 16:42:51:055 MTC@admin-PC: "Recieved F101"
2026-08-20 16:42:51:055 MTC@admin-PC: "ReadMeter Success, mac addr:'070000011101'O"
2026-08-20 16:42:51:055 MTC@admin-PC: "Read up user data:'00100200010105060000020006000002000600000200060000020006000002000000'O"
2026-08-20 16:42:51:071 MTC@admin-PC: "restart timer ti_wait_new_report....,cycle :0"
2026-08-20 16:42:51:071 MTC@admin-PC: "start ti_single_send while rcv pack"
2026-08-20 16:42:51:367 MTC@admin-PC: "Recieved F101"
2026-08-20 16:42:51:383 MTC@admin-PC: "ReadMeter Success, mac addr:'080000011101'O"
2026-08-20 16:42:51:383 MTC@admin-PC: "Read up user data:'00100200010105060000020006000002000600000200060000020006000002000000'O"
2026-08-20 16:42:51:383 MTC@admin-PC: "restart timer ti_wait_new_report....,cycle :0"
2026-08-20 16:42:51:383 MTC@admin-PC: "start ti_single_send while rcv pack"
2026-08-20 16:42:51:897 MTC@admin-PC: "Recieved F101"
2026-08-20 16:42:51:897 MTC@admin-PC: "ReadMeter Success, mac addr:'090000011101'O"
2026-08-20 16:42:51:897 MTC@admin-PC: "Read up user data:'00100200010105060000020006000002000600000200060000020006000002000000'O"
2026-08-20 16:42:51:913 MTC@admin-PC: "restart timer ti_wait_new_report....,cycle :0"
2026-08-20 16:42:51:913 MTC@admin-PC: "start ti_single_send while rcv pack"
2026-08-20 16:42:54:799 MTC@admin-PC: "Recieved F101"
2026-08-20 16:42:54:799 MTC@admin-PC: "ReadMeter Success, mac addr:'110000011101'O"
2026-08-20 16:42:54:799 MTC@admin-PC: "Read up user data:'00100200010105060000020006000002000600000200060000020006000002000000'O"
2026-08-20 16:42:54:815 MTC@admin-PC: "restart timer ti_wait_new_report....,cycle :0"
2026-08-20 16:42:54:815 MTC@admin-PC: "start ti_single_send while rcv pack"
2026-08-20 16:42:55:236 MTC@admin-PC: "Recieved F101"
2026-08-20 16:42:55:236 MTC@admin-PC: "ReadMeter Success, mac addr:'120000011101'O"
2026-08-20 16:42:55:251 MTC@admin-PC: "Read up user data:'00100200010105060000020006000002000600000200060000020006000002000000'O"
2026-08-20 16:42:55:251 MTC@admin-PC: "restart timer ti_wait_new_report....,cycle :0"
2026-08-20 16:42:55:251 MTC@admin-PC: "start ti_single_send while rcv pack"
2026-08-20 16:42:55:283 MTC@admin-PC: "Recieved F101"
2026-08-20 16:42:55:283 MTC@admin-PC: "ReadMeter Success, mac addr:'130000011101'O"
2026-08-20 16:42:55:298 MTC@admin-PC: "Read up user data:'00100200010105060000020006000002000600000200060000020006000002000000'O"
2026-08-20 16:42:55:298 MTC@admin-PC: "restart timer ti_wait_new_report....,cycle :0"
2026-08-20 16:42:55:314 MTC@admin-PC: "start ti_single_send while rcv pack"
2026-08-20 16:42:55:345 MTC@admin-PC: "Recieved F101"
2026-08-20 16:42:55:345 MTC@admin-PC: "ReadMeter Success, mac addr:'140000011101'O"
2026-08-20 16:42:55:345 MTC@admin-PC: "Read up user data:'00100200010105060000020006000002000600000200060000020006000002000000'O"
2026-08-20 16:42:55:361 MTC@admin-PC: "restart timer ti_wait_new_report....,cycle :0"
2026-08-20 16:42:55:361 MTC@admin-PC: "start ti_single_send while rcv pack"
2026-08-20 16:42:55:407 MTC@admin-PC: "Recieved F101"
2026-08-20 16:42:55:407 MTC@admin-PC: "ReadMeter Success, mac addr:'150000011101'O"
2026-08-20 16:42:55:407 MTC@admin-PC: "Read up user data:'00100200010105060000020006000002000600000200060000020006000002000000'O"
2026-08-20 16:42:55:423 MTC@admin-PC: "restart timer ti_wait_new_report....,cycle :0"
2026-08-20 16:42:55:423 MTC@admin-PC: "start ti_single_send while rcv pack"
2026-08-20 16:42:56:281 MTC@admin-PC: "Recieved F101"
2026-08-20 16:42:56:281 MTC@admin-PC: "ReadMeter Success, mac addr:'170000011101'O"
2026-08-20 16:42:56:297 MTC@admin-PC: "Read up user data:'00100200010105060000020006000002000600000200060000020006000002000000'O"
2026-08-20 16:42:56:297 MTC@admin-PC: "restart timer ti_wait_new_report....,cycle :0"
2026-08-20 16:42:56:297 MTC@admin-PC: "start ti_single_send while rcv pack"
2026-08-20 16:42:56:359 MTC@admin-PC: "Recieved F101"
2026-08-20 16:42:56:359 MTC@admin-PC: "ReadMeter Success, mac addr:'100000011101'O"
2026-08-20 16:42:56:359 MTC@admin-PC: "Read up user data:'00100200010105060000020006000002000600000200060000020006000002000000'O"
2026-08-20 16:42:56:375 MTC@admin-PC: "restart timer ti_wait_new_report....,cycle :0"
2026-08-20 16:42:56:375 MTC@admin-PC: "start ti_single_send while rcv pack"
2026-08-20 16:42:56:421 MTC@admin-PC: "Recieved F101"
2026-08-20 16:42:56:421 MTC@admin-PC: "ReadMeter Success, mac addr:'160000011101'O"
2026-08-20 16:42:56:421 MTC@admin-PC: "Read up user data:'00100200010105060000020006000002000600000200060000020006000002000000'O"
2026-08-20 16:42:56:437 MTC@admin-PC: "restart timer ti_wait_new_report....,cycle :0"
2026-08-20 16:42:56:437 MTC@admin-PC: "start ti_single_send while rcv pack"
2026-08-20 16:42:59:838 MTC@admin-PC: "Recieved F101"
2026-08-20 16:42:59:838 MTC@admin-PC: "ReadMeter Success, mac addr:'180000011101'O"
2026-08-20 16:42:59:838 MTC@admin-PC: "Read up user data:'00100200010105060000020006000002000600000200060000020006000002000000'O"
2026-08-20 16:42:59:853 MTC@admin-PC: "restart timer ti_wait_new_report....,cycle :0"
2026-08-20 16:42:59:853 MTC@admin-PC: "start ti_single_send while rcv pack"
2026-08-20 16:42:59:900 MTC@admin-PC: "Recieved F101"
2026-08-20 16:42:59:900 MTC@admin-PC: "ReadMeter Success, mac addr:'190000011101'O"
2026-08-20 16:42:59:900 MTC@admin-PC: "Read up user data:'00100200010105060000020006000002000600000200060000020006000002000000'O"
2026-08-20 16:42:59:916 MTC@admin-PC: "restart timer ti_wait_new_report....,cycle :0"
2026-08-20 16:42:59:916 MTC@admin-PC: "start ti_single_send while rcv pack"
2026-08-20 16:42:59:963 MTC@admin-PC: "Recieved F101"
2026-08-20 16:42:59:963 MTC@admin-PC: "ReadMeter Success, mac addr:'200000011101'O"
2026-08-20 16:42:59:963 MTC@admin-PC: "Read up user data:'00100200010105060000020006000002000600000200060000020006000002000000'O"
2026-08-20 16:42:59:978 MTC@admin-PC: "restart timer ti_wait_new_report....,cycle :0"
2026-08-20 16:42:59:978 MTC@admin-PC: "start ti_single_send while rcv pack"
2026-08-20 16:43:00:025 MTC@admin-PC: "Recieved F101"
2026-08-20 16:43:00:025 MTC@admin-PC: "ReadMeter Success, mac addr:'010000011401'O"
2026-08-20 16:43:00:025 MTC@admin-PC: "Read up user data:'00100200010105060000020006000002000600000200060000020006000002000000'O"
2026-08-20 16:43:00:041 MTC@admin-PC: "restart timer ti_wait_new_report....,cycle :0"
2026-08-20 16:43:00:041 MTC@admin-PC: "start ti_single_send while rcv pack"
2026-08-20 16:43:00:618 MTC@admin-PC: "Recieved F101"
2026-08-20 16:43:00:618 MTC@admin-PC: "ReadMeter Success, mac addr:'030000011401'O"
2026-08-20 16:43:00:618 MTC@admin-PC: "Read up user data:'00100200010105060000020006000002000600000200060000020006000002000000'O"
2026-08-20 16:43:00:618 MTC@admin-PC: "restart timer ti_wait_new_report....,cycle :0"
2026-08-20 16:43:00:618 MTC@admin-PC: "start ti_single_send while rcv pack"
2026-08-20 16:43:00:727 MTC@admin-PC: "Recieved F101"
2026-08-20 16:43:00:727 MTC@admin-PC: "ReadMeter Success, mac addr:'040000011401'O"
2026-08-20 16:43:00:727 MTC@admin-PC: "Read up user data:'00100200010105060000020006000002000600000200060000020006000002000000'O"
2026-08-20 16:43:00:743 MTC@admin-PC: "restart timer ti_wait_new_report....,cycle :0"
2026-08-20 16:43:00:743 MTC@admin-PC: "start ti_single_send while rcv pack"
2026-08-20 16:43:00:789 MTC@admin-PC: "Recieved F101"
2026-08-20 16:43:00:789 MTC@admin-PC: "ReadMeter Success, mac addr:'050000011401'O"
2026-08-20 16:43:00:789 MTC@admin-PC: "Read up user data:'00100200010105060000020006000002000600000200060000020006000002000000'O"
2026-08-20 16:43:00:805 MTC@admin-PC: "restart timer ti_wait_new_report....,cycle :0"
2026-08-20 16:43:00:805 MTC@admin-PC: "start ti_single_send while rcv pack"
2026-08-20 16:43:01:304 MTC@admin-PC: "Recieved F101"
2026-08-20 16:43:01:304 MTC@admin-PC: "ReadMeter Success, mac addr:'020000011401'O"
2026-08-20 16:43:01:304 MTC@admin-PC: "Read up user data:'00100200010105060000020006000002000600000200060000020006000002000000'O"
2026-08-20 16:43:01:320 MTC@admin-PC: "restart timer ti_wait_new_report....,cycle :0"
2026-08-20 16:43:01:320 MTC@admin-PC: "start ti_single_send while rcv pack"
2026-08-20 16:43:04:299 MTC@admin-PC: "Recieved F101"
2026-08-20 16:43:04:315 MTC@admin-PC: "ReadMeter Success, mac addr:'060000011401'O"
2026-08-20 16:43:04:315 MTC@admin-PC: "Read up user data:'00100200010105060000020006000002000600000200060000020006000002000000'O"
2026-08-20 16:43:04:331 MTC@admin-PC: "restart timer ti_wait_new_report....,cycle :0"
2026-08-20 16:43:04:331 MTC@admin-PC: "start ti_single_send while rcv pack"
2026-08-20 16:43:04:393 MTC@admin-PC: "Recieved F101"
2026-08-20 16:43:04:393 MTC@admin-PC: "ReadMeter Success, mac addr:'070000011401'O"
2026-08-20 16:43:04:409 MTC@admin-PC: "Read up user data:'00100200010105060000020006000002000600000200060000020006000002000000'O"
2026-08-20 16:43:04:409 MTC@admin-PC: "restart timer ti_wait_new_report....,cycle :0"
2026-08-20 16:43:04:409 MTC@admin-PC: "start ti_single_send while rcv pack"
2026-08-20 16:43:04:440 MTC@admin-PC: "Recieved F101"
2026-08-20 16:43:04:440 MTC@admin-PC: "ReadMeter Success, mac addr:'090000011401'O"
2026-08-20 16:43:04:440 MTC@admin-PC: "Read up user data:'00100200010105060000020006000002000600000200060000020006000002000000'O"
2026-08-20 16:43:04:455 MTC@admin-PC: "restart timer ti_wait_new_report....,cycle :0"
2026-08-20 16:43:04:455 MTC@admin-PC: "start ti_single_send while rcv pack"
2026-08-20 16:43:04:970 MTC@admin-PC: "Recieved F101"
2026-08-20 16:43:04:970 MTC@admin-PC: "ReadMeter Success, mac addr:'100000011401'O"
2026-08-20 16:43:04:970 MTC@admin-PC: "Read up user data:'00100200010105060000020006000002000600000200060000020006000002000000'O"
2026-08-20 16:43:04:986 MTC@admin-PC: "restart timer ti_wait_new_report....,cycle :0"
2026-08-20 16:43:04:986 MTC@admin-PC: "start ti_single_send while rcv pack"
2026-08-20 16:43:05:064 MTC@admin-PC: "Recieved F101"
2026-08-20 16:43:05:064 MTC@admin-PC: "ReadMeter Success, mac addr:'110000011401'O"
2026-08-20 16:43:05:064 MTC@admin-PC: "Read up user data:'00100200010105060000020006000002000600000200060000020006000002000000'O"
2026-08-20 16:43:05:079 MTC@admin-PC: "restart timer ti_wait_new_report....,cycle :0"
2026-08-20 16:43:05:079 MTC@admin-PC: "start ti_single_send while rcv pack"
2026-08-20 16:43:05:126 MTC@admin-PC: "Recieved F101"
2026-08-20 16:43:05:126 MTC@admin-PC: "ReadMeter Success, mac addr:'120000011401'O"
2026-08-20 16:43:05:126 MTC@admin-PC: "Read up user data:'00100200010105060000020006000002000600000200060000020006000002000000'O"
2026-08-20 16:43:05:142 MTC@admin-PC: "restart timer ti_wait_new_report....,cycle :0"
2026-08-20 16:43:05:142 MTC@admin-PC: "start ti_single_send while rcv pack"
2026-08-20 16:43:06:390 MTC@admin-PC: "Recieved F101"
2026-08-20 16:43:06:405 MTC@admin-PC: "ReadMeter Success, mac addr:'080000011401'O"
2026-08-20 16:43:06:405 MTC@admin-PC: "Read up user data:'00100200010105060000020006000002000600000200060000020006000002000000'O"
2026-08-20 16:43:06:405 MTC@admin-PC: "restart timer ti_wait_new_report....,cycle :0"
2026-08-20 16:43:06:405 MTC@admin-PC: "start ti_single_send while rcv pack"
2026-08-20 16:43:09:198 MTC@admin-PC: "Recieved F101"
2026-08-20 16:43:09:198 MTC@admin-PC: "ReadMeter Success, mac addr:'140000011401'O"
2026-08-20 16:43:09:198 MTC@admin-PC: "Read up user data:'00100200010105060000020006000002000600000200060000020006000002000000'O"
2026-08-20 16:43:09:213 MTC@admin-PC: "restart timer ti_wait_new_report....,cycle :0"
2026-08-20 16:43:09:213 MTC@admin-PC: "start ti_single_send while rcv pack"
2026-08-20 16:43:09:681 MTC@admin-PC: "Recieved F101"
2026-08-20 16:43:09:681 MTC@admin-PC: "ReadMeter Success, mac addr:'150000011401'O"
2026-08-20 16:43:09:697 MTC@admin-PC: "Read up user data:'00100200010105060000020006000002000600000200060000020006000002000000'O"
2026-08-20 16:43:09:697 MTC@admin-PC: "restart timer ti_wait_new_report....,cycle :0"
2026-08-20 16:43:09:697 MTC@admin-PC: "start ti_single_send while rcv pack"
2026-08-20 16:43:09:744 MTC@admin-PC: "Recieved F101"
2026-08-20 16:43:09:744 MTC@admin-PC: "ReadMeter Success, mac addr:'160000011401'O"
2026-08-20 16:43:09:744 MTC@admin-PC: "Read up user data:'00100200010105060000020006000002000600000200060000020006000002000000'O"
2026-08-20 16:43:09:759 MTC@admin-PC: "restart timer ti_wait_new_report....,cycle :0"
2026-08-20 16:43:09:759 MTC@admin-PC: "start ti_single_send while rcv pack"
2026-08-20 16:43:09:806 MTC@admin-PC: "Recieved F101"
2026-08-20 16:43:09:806 MTC@admin-PC: "ReadMeter Success, mac addr:'170000011401'O"
2026-08-20 16:43:09:806 MTC@admin-PC: "Read up user data:'00100200010105060000020006000002000600000200060000020006000002000000'O"
2026-08-20 16:43:09:822 MTC@admin-PC: "restart timer ti_wait_new_report....,cycle :0"
2026-08-20 16:43:09:822 MTC@admin-PC: "start ti_single_send while rcv pack"
2026-08-20 16:43:09:869 MTC@admin-PC: "Recieved F101"
2026-08-20 16:43:09:869 MTC@admin-PC: "ReadMeter Success, mac addr:'180000011401'O"
2026-08-20 16:43:09:869 MTC@admin-PC: "Read up user data:'00100200010105060000020006000002000600000200060000020006000002000000'O"
2026-08-20 16:43:09:884 MTC@admin-PC: "restart timer ti_wait_new_report....,cycle :0"
2026-08-20 16:43:09:884 MTC@admin-PC: "start ti_single_send while rcv pack"
2026-08-20 16:43:09:931 MTC@admin-PC: "Recieved F101"
2026-08-20 16:43:09:931 MTC@admin-PC: "ReadMeter Success, mac addr:'190000011401'O"
2026-08-20 16:43:09:947 MTC@admin-PC: "Read up user data:'00100200010105060000020006000002000600000200060000020006000002000000'O"
2026-08-20 16:43:09:962 MTC@admin-PC: "restart timer ti_wait_new_report....,cycle :0"
2026-08-20 16:43:09:962 MTC@admin-PC: "start ti_single_send while rcv pack"
2026-08-20 16:43:10:836 MTC@admin-PC: "Recieved F101"
2026-08-20 16:43:10:836 MTC@admin-PC: "ReadMeter Success, mac addr:'200000011401'O"
2026-08-20 16:43:10:836 MTC@admin-PC: "Read up user data:'00100200010105060000020006000002000600000200060000020006000002000000'O"
2026-08-20 16:43:10:851 MTC@admin-PC: "restart timer ti_wait_new_report....,cycle :0"
2026-08-20 16:43:10:851 MTC@admin-PC: "start ti_single_send while rcv pack"
2026-08-20 16:43:13:722 MTC@admin-PC: "Recieved F101"
2026-08-20 16:43:13:722 MTC@admin-PC: "ReadMeter Success, mac addr:'010000011501'O"
2026-08-20 16:43:13:722 MTC@admin-PC: "Read up user data:'00100200010105060000020006000002000600000200060000020006000002000000'O"
2026-08-20 16:43:13:737 MTC@admin-PC: "restart timer ti_wait_new_report....,cycle :0"
2026-08-20 16:43:13:737 MTC@admin-PC: "start ti_single_send while rcv pack"
2026-08-20 16:43:14:096 MTC@admin-PC: "Recieved F101"
2026-08-20 16:43:14:112 MTC@admin-PC: "ReadMeter Success, mac addr:'030000011501'O"
2026-08-20 16:43:14:112 MTC@admin-PC: "Read up user data:'00100200010105060000020006000002000600000200060000020006000002000000'O"
2026-08-20 16:43:14:127 MTC@admin-PC: "restart timer ti_wait_new_report....,cycle :0"
2026-08-20 16:43:14:127 MTC@admin-PC: "start ti_single_send while rcv pack"
2026-08-20 16:43:14:174 MTC@admin-PC: "Recieved F101"
2026-08-20 16:43:14:174 MTC@admin-PC: "ReadMeter Success, mac addr:'010000011601'O"
2026-08-20 16:43:14:174 MTC@admin-PC: "Read up user data:'00100200010105060000020006000002000600000200060000020006000002000000'O"
2026-08-20 16:43:14:190 MTC@admin-PC: "restart timer ti_wait_new_report....,cycle :0"
2026-08-20 16:43:14:190 MTC@admin-PC: "start ti_single_send while rcv pack"
2026-08-20 16:43:14:221 MTC@admin-PC: "Recieved F101"
2026-08-20 16:43:14:221 MTC@admin-PC: "ReadMeter Success, mac addr:'020000011501'O"
2026-08-20 16:43:14:221 MTC@admin-PC: "Read up user data:'00100200010105060000020006000002000600000200060000020006000002000000'O"
2026-08-20 16:43:14:237 MTC@admin-PC: "restart timer ti_wait_new_report....,cycle :0"
2026-08-20 16:43:14:237 MTC@admin-PC: "start ti_single_send while rcv pack"
2026-08-20 16:43:14:283 MTC@admin-PC: "Recieved F101"
2026-08-20 16:43:14:283 MTC@admin-PC: "ReadMeter Success, mac addr:'020000011601'O"
2026-08-20 16:43:14:283 MTC@admin-PC: "Read up user data:'00100200010105060000020006000002000600000200060000020006000002000000'O"
2026-08-20 16:43:14:299 MTC@admin-PC: "restart timer ti_wait_new_report....,cycle :0"
2026-08-20 16:43:14:299 MTC@admin-PC: "start ti_single_send while rcv pack"
2026-08-20 16:43:16:171 MTC@admin-PC: "Recieved F101"
2026-08-20 16:43:16:171 MTC@admin-PC: "ReadMeter Success, mac addr:'030000011601'O"
2026-08-20 16:43:16:171 MTC@admin-PC: "Read up user data:'00100200010105060000020006000002000600000200060000020006000002000000'O"
2026-08-20 16:43:16:187 MTC@admin-PC: "restart timer ti_wait_new_report....,cycle :0"
2026-08-20 16:43:16:187 MTC@admin-PC: "start ti_single_send while rcv pack"
2026-08-20 16:43:16:296 MTC@admin-PC: "Recieved F101"
2026-08-20 16:43:16:311 MTC@admin-PC: "ReadMeter Success, mac addr:'010000011701'O"
2026-08-20 16:43:16:311 MTC@admin-PC: "Read up user data:'00100200010105060000020006000002000600000200060000020006000002000000'O"
2026-08-20 16:43:16:311 MTC@admin-PC: "restart timer ti_wait_new_report....,cycle :0"
2026-08-20 16:43:16:311 MTC@admin-PC: "start ti_single_send while rcv pack"
2026-08-20 16:43:19:244 MTC@admin-PC: "Recieved F101"
2026-08-20 16:43:19:260 MTC@admin-PC: "ReadMeter Success, mac addr:'010000011801'O"
2026-08-20 16:43:19:260 MTC@admin-PC: "Read up user data:'00100200010105060000020006000002000600000200060000020006000002000000'O"
2026-08-20 16:43:19:260 MTC@admin-PC: "restart timer ti_wait_new_report....,cycle :0"
2026-08-20 16:43:19:260 MTC@admin-PC: "start ti_single_send while rcv pack"
2026-08-20 16:43:19:307 MTC@admin-PC: "Recieved F101"
2026-08-20 16:43:19:307 MTC@admin-PC: "ReadMeter Success, mac addr:'030000011701'O"
2026-08-20 16:43:19:307 MTC@admin-PC: "Read up user data:'00100200010105060000020006000002000600000200060000020006000002000000'O"
2026-08-20 16:43:19:322 MTC@admin-PC: "restart timer ti_wait_new_report....,cycle :0"
2026-08-20 16:43:19:322 MTC@admin-PC: "start ti_single_send while rcv pack"
2026-08-20 16:43:19:369 MTC@admin-PC: "Recieved F101"
2026-08-20 16:43:19:385 MTC@admin-PC: "ReadMeter Success, mac addr:'020000011701'O"
2026-08-20 16:43:19:385 MTC@admin-PC: "Read up user data:'00100200010105060000020006000002000600000200060000020006000002000000'O"
2026-08-20 16:43:19:400 MTC@admin-PC: "restart timer ti_wait_new_report....,cycle :0"
2026-08-20 16:43:19:400 MTC@admin-PC: "start ti_single_send while rcv pack"
2026-08-20 16:43:19:431 MTC@admin-PC: "Recieved F101"
2026-08-20 16:43:19:431 MTC@admin-PC: "ReadMeter Success, mac addr:'020000011801'O"
2026-08-20 16:43:19:447 MTC@admin-PC: "Read up user data:'00100200010105060000020006000002000600000200060000020006000002000000'O"
2026-08-20 16:43:19:447 MTC@admin-PC: "restart timer ti_wait_new_report....,cycle :0"
2026-08-20 16:43:19:447 MTC@admin-PC: "start ti_single_send while rcv pack"
2026-08-20 16:43:19:494 MTC@admin-PC: "Recieved F101"
2026-08-20 16:43:19:494 MTC@admin-PC: "ReadMeter Success, mac addr:'030000011801'O"
2026-08-20 16:43:19:494 MTC@admin-PC: "Read up user data:'00100200010105060000020006000002000600000200060000020006000002000000'O"
2026-08-20 16:43:19:509 MTC@admin-PC: "restart timer ti_wait_new_report....,cycle :0"
2026-08-20 16:43:19:509 MTC@admin-PC: "start ti_single_send while rcv pack"
2026-08-20 16:43:20:601 MTC@admin-PC: "Recieved F101"
2026-08-20 16:43:20:617 MTC@admin-PC: "ReadMeter Success, mac addr:'010000011901'O"
2026-08-20 16:43:20:617 MTC@admin-PC: "Read up user data:'00100200010105060000020006000002000600000200060000020006000002000000'O"
2026-08-20 16:43:20:617 MTC@admin-PC: "restart timer ti_wait_new_report....,cycle :0"
2026-08-20 16:43:20:617 MTC@admin-PC: "start ti_single_send while rcv pack"
2026-08-20 16:43:20:664 MTC@admin-PC: "Recieved F101"
2026-08-20 16:43:20:664 MTC@admin-PC: "ReadMeter Success, mac addr:'020000011901'O"
2026-08-20 16:43:20:664 MTC@admin-PC: "Read up user data:'00100200010105060000020006000002000600000200060000020006000002000000'O"
2026-08-20 16:43:20:664 MTC@admin-PC: "restart timer ti_wait_new_report....,cycle :0"
2026-08-20 16:43:20:664 MTC@admin-PC: "start ti_single_send while rcv pack"
2026-08-20 16:43:24:704 MTC@admin-PC: "Recieved F101"
2026-08-20 16:43:24:720 MTC@admin-PC: "ReadMeter Success, mac addr:'010000012001'O"
2026-08-20 16:43:24:720 MTC@admin-PC: "Read up user data:'00100200010105060000020006000002000600000200060000020006000002000000'O"
2026-08-20 16:43:24:720 MTC@admin-PC: "restart timer ti_wait_new_report....,cycle :0"
2026-08-20 16:43:24:720 MTC@admin-PC: "start ti_single_send while rcv pack"
2026-08-20 16:43:24:813 MTC@admin-PC: "Recieved F101"
2026-08-20 16:43:24:813 MTC@admin-PC: "ReadMeter Success, mac addr:'030000011901'O"
2026-08-20 16:43:24:813 MTC@admin-PC: "Read up user data:'00100200010105060000020006000002000600000200060000020006000002000000'O"
2026-08-20 16:43:24:829 MTC@admin-PC: "restart timer ti_wait_new_report....,cycle :0"
2026-08-20 16:43:24:829 MTC@admin-PC: "start ti_single_send while rcv pack"
2026-08-20 16:43:24:876 MTC@admin-PC: "Recieved F101"
2026-08-20 16:43:24:876 MTC@admin-PC: "ReadMeter Success, mac addr:'020000012001'O"
2026-08-20 16:43:24:876 MTC@admin-PC: "Read up user data:'00100200010105060000020006000002000600000200060000020006000002000000'O"
2026-08-20 16:43:24:891 MTC@admin-PC: "restart timer ti_wait_new_report....,cycle :0"
2026-08-20 16:43:24:891 MTC@admin-PC: "start ti_single_send while rcv pack"
2026-08-20 16:43:28:869 MTC@admin-PC: "Recieved F101"
2026-08-20 16:43:29:244 MTC@admin-PC: "Recieved F101"
2026-08-20 16:43:29:244 MTC@admin-PC: "Recieved F101"
2026-08-20 16:43:29:275 MTC@admin-PC: "Recieved F101"
2026-08-20 16:43:29:868 MTC@admin-PC: "Total read time in middle:48.211887"
2026-08-20 16:43:29:883 MTC@admin-PC: "restart timer ti_wait_new_report....,cycle ..:1"
2026-08-20 16:43:30:117 MTC@admin-PC: "More than maximum allowable number of 376.2 (109)"
2026-08-20 16:43:30:195 MTC@admin-PC: "Recieved F101"
2026-08-20 16:43:30:195 MTC@admin-PC: "ReadMeter Success, mac addr:'100000011201'O"
2026-08-20 16:43:30:195 MTC@admin-PC: "Read up user data:'00100200010105060000020006000002000600000200060000020006000002000000'O"
2026-08-20 16:43:30:211 MTC@admin-PC: "restart timer ti_wait_new_report....,cycle :1"
2026-08-20 16:43:30:211 MTC@admin-PC: "start ti_single_send while rcv pack"
2026-08-20 16:43:30:227 MTC@admin-PC: "More than maximum allowable number of 376.2 (109)"
2026-08-20 16:43:30:258 MTC@admin-PC: "Meter reading busy (111)"
2026-08-20 16:43:30:741 MTC@admin-PC: "Recieved F101"
2026-08-20 16:43:30:741 MTC@admin-PC: "ReadMeter Success, mac addr:'130000011401'O"
2026-08-20 16:43:30:741 MTC@admin-PC: "Read up user data:'00100200010105060000020006000002000600000200060000020006000002000000'O"
2026-08-20 16:43:30:757 MTC@admin-PC: "restart timer ti_wait_new_report....,cycle :1"
2026-08-20 16:43:30:757 MTC@admin-PC: "start ti_single_send while rcv pack"
2026-08-20 16:43:30:835 MTC@admin-PC: "Recieved F101"
2026-08-20 16:43:30:835 MTC@admin-PC: "ReadMeter Success, mac addr:'170000011201'O"
2026-08-20 16:43:30:835 MTC@admin-PC: "Read up user data:'00100200010105060000020006000002000600000200060000020006000002000000'O"
2026-08-20 16:43:30:835 MTC@admin-PC: "restart timer ti_wait_new_report....,cycle :1"
2026-08-20 16:43:30:835 MTC@admin-PC: "start ti_single_send while rcv pack"
2026-08-20 16:43:30:897 MTC@admin-PC: "Recieved F101"
2026-08-20 16:43:30:897 MTC@admin-PC: "ReadMeter Success, mac addr:'010000012101'O"
2026-08-20 16:43:30:897 MTC@admin-PC: "Read up user data:'00100200010105060000020006000002000600000200060000020006000002000000'O"
2026-08-20 16:43:30:897 MTC@admin-PC: "restart timer ti_wait_new_report....,cycle :1"
2026-08-20 16:43:30:913 MTC@admin-PC: "start ti_single_send while rcv pack"
2026-08-20 16:43:33:003 MTC@admin-PC: "Recieved F101"
2026-08-20 16:43:34:704 MTC@admin-PC: "Recieved F101"
2026-08-20 16:43:34:766 MTC@admin-PC: "Recieved F101"
2026-08-20 16:43:34:766 MTC@admin-PC: "ReadMeter Success, mac addr:'120000011201'O"
2026-08-20 16:43:34:766 MTC@admin-PC: "Read up user data:'00100200010105060000020006000002000600000200060000020006000002000000'O"
2026-08-20 16:43:34:782 MTC@admin-PC: "restart timer ti_wait_new_report....,cycle :1"
2026-08-20 16:43:34:782 MTC@admin-PC: "start ti_single_send while rcv pack"
2026-08-20 16:43:34:829 MTC@admin-PC: "Recieved F101"
2026-08-20 16:43:34:829 MTC@admin-PC: "ReadMeter Success, mac addr:'110000011201'O"
2026-08-20 16:43:34:829 MTC@admin-PC: "Read up user data:'00100200010105060000020006000002000600000200060000020006000002000000'O"
2026-08-20 16:43:34:844 MTC@admin-PC: "restart timer ti_wait_new_report....,cycle :1"
2026-08-20 16:43:34:844 MTC@admin-PC: "start ti_single_send while rcv pack"
2026-08-20 16:43:35:219 MTC@admin-PC: "Recieved F101"
2026-08-20 16:43:35:219 MTC@admin-PC: "ReadMeter Success, mac addr:'070000012101'O"
2026-08-20 16:43:35:219 MTC@admin-PC: "Read up user data:'00100200010105060000020006000002000600000200060000020006000002000000'O"
2026-08-20 16:43:35:219 MTC@admin-PC: "restart timer ti_wait_new_report....,cycle :1"
2026-08-20 16:43:35:234 MTC@admin-PC: "start ti_single_send while rcv pack"
2026-08-20 16:43:38:791 MTC@admin-PC: "Recieved F101"
2026-08-20 16:43:39:337 MTC@admin-PC: "Recieved F101"
2026-08-20 16:43:39:337 MTC@admin-PC: "ReadMeter Success, mac addr:'080000012101'O"
2026-08-20 16:43:39:353 MTC@admin-PC: "Read up user data:'00100200010105060000020006000002000600000200060000020006000002000000'O"
2026-08-20 16:43:39:353 MTC@admin-PC: "restart timer ti_wait_new_report....,cycle :1"
2026-08-20 16:43:39:353 MTC@admin-PC: "start ti_single_send while rcv pack"
2026-08-20 16:43:39:384 MTC@admin-PC: "Recieved F101"
2026-08-20 16:43:39:384 MTC@admin-PC: "ReadMeter Success, mac addr:'090000012101'O"
2026-08-20 16:43:39:384 MTC@admin-PC: "Read up user data:'00100200010105060000020006000002000600000200060000020006000002000000'O"
2026-08-20 16:43:39:400 MTC@admin-PC: "restart timer ti_wait_new_report....,cycle :1"
2026-08-20 16:43:39:400 MTC@admin-PC: "start ti_single_send while rcv pack"
2026-08-20 16:43:44:410 MTC@admin-PC: "Total read time in middle:57.753513"
2026-08-20 16:43:44:425 MTC@admin-PC: "restart timer ti_wait_new_report....,cycle ..:2"
2026-08-20 16:43:44:628 MTC@admin-PC: "Meter reading busy (111)"
2026-08-20 16:43:44:690 MTC@admin-PC: "Meter reading busy (111)"
2026-08-20 16:43:44:800 MTC@admin-PC: "Recieved F101"
2026-08-20 16:43:44:800 MTC@admin-PC: "ReadMeter Success, mac addr:'030000012101'O"
2026-08-20 16:43:44:800 MTC@admin-PC: "Read up user data:'00100200010105060000020006000002000600000200060000020006000002000000'O"
2026-08-20 16:43:44:815 MTC@admin-PC: "restart timer ti_wait_new_report....,cycle :2"
2026-08-20 16:43:44:815 MTC@admin-PC: "start ti_single_send while rcv pack"
2026-08-20 16:43:44:831 MTC@admin-PC: "Meter reading busy (111)"
2026-08-20 16:43:44:862 MTC@admin-PC: "Recieved F101"
2026-08-20 16:43:44:940 MTC@admin-PC: "Recieved F101"
2026-08-20 16:43:44:956 MTC@admin-PC: "ReadMeter Success, mac addr:'030000012001'O"
2026-08-20 16:43:44:956 MTC@admin-PC: "Read up user data:'00100200010105060000020006000002000600000200060000020006000002000000'O"
2026-08-20 16:43:44:956 MTC@admin-PC: "restart timer ti_wait_new_report....,cycle :2"
2026-08-20 16:43:44:971 MTC@admin-PC: "start ti_single_send while rcv pack"
2026-08-20 16:43:45:002 MTC@admin-PC: "Recieved F101"
2026-08-20 16:43:45:002 MTC@admin-PC: "ReadMeter Success, mac addr:'060000012101'O"
2026-08-20 16:43:45:018 MTC@admin-PC: "Read up user data:'00100200010105060000020006000002000600000200060000020006000002000000'O"
2026-08-20 16:43:45:018 MTC@admin-PC: "restart timer ti_wait_new_report....,cycle :2"
2026-08-20 16:43:45:018 MTC@admin-PC: "start ti_single_send while rcv pack"
2026-08-20 16:43:48:795 MTC@admin-PC: "Recieved F101"
2026-08-20 16:43:48:811 MTC@admin-PC: "ReadMeter Success, mac addr:'050000012101'O"
2026-08-20 16:43:48:811 MTC@admin-PC: "Read up user data:'00100200010105060000020006000002000600000200060000020006000002000000'O"
2026-08-20 16:43:48:811 MTC@admin-PC: "restart timer ti_wait_new_report....,cycle :2"
2026-08-20 16:43:48:811 MTC@admin-PC: "start ti_single_send while rcv pack"
2026-08-20 16:43:48:858 MTC@admin-PC: "Recieved F101"
2026-08-20 16:43:48:858 MTC@admin-PC: "ReadMeter Success, mac addr:'020000012101'O"
2026-08-20 16:43:48:858 MTC@admin-PC: "Read up user data:'00100200010105060000020006000002000600000200060000020006000002000000'O"
2026-08-20 16:43:48:873 MTC@admin-PC: "restart timer ti_wait_new_report....,cycle :2"
2026-08-20 16:43:48:873 MTC@admin-PC: "start ti_single_send while rcv pack"
2026-08-20 16:43:49:294 MTC@admin-PC: "Recieved F101"
2026-08-20 16:43:49:294 MTC@admin-PC: "Recieved F101"
2026-08-20 16:43:53:132 MTC@admin-PC: "Recieved F101"
2026-08-20 16:43:53:163 MTC@admin-PC: "Recieved F101"
2026-08-20 16:43:53:881 MTC@admin-PC: "Total read time in middle:62.224730"
2026-08-20 16:43:53:896 MTC@admin-PC: "restart timer ti_wait_new_report....,cycle ..:3"
2026-08-20 16:43:54:099 MTC@admin-PC: "Meter reading busy (111)"
2026-08-20 16:43:54:162 MTC@admin-PC: "Meter reading busy (111)"
2026-08-20 16:43:54:832 MTC@admin-PC: "Recieved F101"
2026-08-20 16:43:54:832 MTC@admin-PC: "ReadMeter Success, mac addr:'100000012101'O"
2026-08-20 16:43:54:832 MTC@admin-PC: "Read up user data:'00100200010105060000020006000002000600000200060000020006000002000000'O"
2026-08-20 16:43:54:848 MTC@admin-PC: "restart timer ti_wait_new_report....,cycle :3"
2026-08-20 16:43:54:848 MTC@admin-PC: "start ti_single_send while rcv pack"
2026-08-20 16:43:54:895 MTC@admin-PC: "Recieved F101"
2026-08-20 16:43:54:895 MTC@admin-PC: "ReadMeter Success, mac addr:'130000012101'O"
2026-08-20 16:43:54:910 MTC@admin-PC: "Read up user data:'00100200010105060000020006000002000600000200060000020006000002000000'O"
2026-08-20 16:43:54:910 MTC@admin-PC: "restart timer ti_wait_new_report....,cycle :3"
2026-08-20 16:43:54:926 MTC@admin-PC: "start ti_single_send while rcv pack"
2026-08-20 16:43:54:957 MTC@admin-PC: "Recieved F101"
2026-08-20 16:43:54:957 MTC@admin-PC: "ReadMeter Success, mac addr:'110000012101'O"
2026-08-20 16:43:54:973 MTC@admin-PC: "Read up user data:'00100200010105060000020006000002000600000200060000020006000002000000'O"
2026-08-20 16:43:54:973 MTC@admin-PC: "restart timer ti_wait_new_report....,cycle :3"
2026-08-20 16:43:54:973 MTC@admin-PC: "start ti_single_send while rcv pack"
2026-08-20 16:43:55:020 MTC@admin-PC: "Recieved F101"
2026-08-20 16:43:55:020 MTC@admin-PC: "ReadMeter Success, mac addr:'120000012101'O"
2026-08-20 16:43:55:020 MTC@admin-PC: "Read up user data:'00100200010105060000020006000002000600000200060000020006000002000000'O"
2026-08-20 16:43:55:035 MTC@admin-PC: "restart timer ti_wait_new_report....,cycle :3"
2026-08-20 16:43:55:035 MTC@admin-PC: "start ti_single_send while rcv pack"
2026-08-20 16:43:55:082 MTC@admin-PC: "Recieved F101"
2026-08-20 16:43:55:082 MTC@admin-PC: "ReadMeter Success, mac addr:'040000012101'O"
2026-08-20 16:43:55:082 MTC@admin-PC: "Read up user data:'00100200010105060000020006000002000600000200060000020006000002000000'O"
2026-08-20 16:43:55:098 MTC@admin-PC: "restart timer ti_wait_new_report....,cycle :3"
2026-08-20 16:43:55:098 MTC@admin-PC: "start ti_single_send while rcv pack"
2026-08-20 16:43:55:144 MTC@admin-PC: "Recieved F101"
2026-08-20 16:43:55:144 MTC@admin-PC: "ReadMeter Success, mac addr:'140000012101'O"
2026-08-20 16:43:55:144 MTC@admin-PC: "Read up user data:'00100200010105060000020006000002000600000200060000020006000002000000'O"
2026-08-20 16:43:55:160 MTC@admin-PC: "restart timer ti_wait_new_report....,cycle :3"
2026-08-20 16:43:55:160 MTC@admin-PC: "start ti_single_send while rcv pack"
2026-08-20 16:43:57:016 MTC@admin-PC: "Recieved F101"
2026-08-20 16:43:57:094 MTC@admin-PC: "Recieved F101"
2026-08-20 16:43:59:934 MTC@admin-PC: "read cycle reach max(3)"
2026-08-20 16:43:59:996 MTC@admin-PC: "Total read time:58.339941"
2026-08-20 16:44:00:012 MTC@admin-PC: "read fail(4)"
2026-08-20 16:44:01:323 [高频采集(分钟级采集)，执行结果:fail,备注："read fail(4)"]